FCFS
281 -> 287 -> 435 -> 159 -> 228 -> 450 -> 319 -> 363 -> 484 -> 308 -> 206 -> 268 -> 95
1530
SSTF
281 -> 287 -> 268 -> 228 -> 206 -> 159 -> 95 -> 308 -> 319 -> 363 -> 435 -> 450 -> 484
587
SCAN
281 -> 268 -> 228 -> 206 -> 159 -> 95 -> 0 -> 287 -> 308 -> 319 -> 363 -> 435 -> 450 -> 484
765
C-SCAN
281 -> 268 -> 228 -> 206 -> 159 -> 95 -> 0 -> 505 -> 484 -> 450 -> 435 -> 363 -> 319 -> 308 -> 287
499
LOOK
281 -> 268 -> 228 -> 206 -> 159 -> 95 -> 287 -> 308 -> 319 -> 363 -> 435 -> 450 -> 484
575
C-LOOK
281 -> 268 -> 228 -> 206 -> 159 -> 95 -> 484 -> 450 -> 435 -> 363 -> 319 -> 308 -> 287
383
